Enter password: *****
Welcome to the MySQL monitor.  Commands end with ; or \g.
Your MySQL connection id is 16
Server version: 8.0.35 MySQL Community Server - GPL

Copyright (c) 2000, 2023, Oracle and/or its affiliates.

Oracle is a registered trademark of Oracle Corporation and/or its
affiliates. Other names may be trademarks of their respective
owners.

Type 'help;' or '\h' for help. Type '\c' to clear the current input statement.

mysql> show databases;
+--------------------+
| Database           |
+--------------------+
| company            |
| employeemanagement |
| information_schema |
| mysql              |
| onkar              |
| onkardb1           |
| performance_schema |
| sakila             |
| student            |
| sys                |
| world              |
+--------------------+
11 rows in set (0.00 sec)

mysql> use employeemanagement
Database changed
mysql> select * from employeemanagement
    -> ;
ERROR 1146 (42S02): Table 'employeemanagement.employeemanagement' doesn't exist
mysql> select * from employee
    -> ;
ERROR 1146 (42S02): Table 'employeemanagement.employee' doesn't exist
mysql> show tables
    -> ;
+------------------------------+
| Tables_in_employeemanagement |
+------------------------------+
| departments                  |
| employees                    |
+------------------------------+
2 rows in set (0.00 sec)

mysql> select * from employees
    -> ;
+-------------+------------+-----------+-----------+--------------------+---------+
| employee_id | first_name | last_name | dept_name | email              | dept_id |
+-------------+------------+-----------+-----------+--------------------+---------+
|           1 | kareem     | Ansari    | Sales     | kareem@example.com | 2       |
|           2 | Sujay      | Pirale    | Marketing | NULL               | 3       |
|           3 | Onkar      | Rainak    | HR        | NULL               | 1       |
+-------------+------------+-----------+-----------+--------------------+---------+
3 rows in set (0.00 sec)

mysql> select * from departments;
+---------+-----------+
| dept_id | dept_name |
+---------+-----------+
|       1 | Sales     |
|       2 | Marketing |
|       3 | HR        |
+---------+-----------+
3 rows in set (0.00 sec)

mysql> update employees
    -> SET email = 'sujaypirale@example.com', hire_date = '2018-03-12'
    -> WHERE employee_id = 2;
ERROR 1054 (42S22): Unknown column 'hire_date' in 'field list'
mysql> update employees
    -> SET email = 'sujaypirale@example.com', dept_id = 3
    -> WHERE employee_id = 2;
Query OK, 1 row affected (0.01 sec)
Rows matched: 1  Changed: 1  Warnings: 0

mysql> select * from departments;
+---------+-----------+
| dept_id | dept_name |
+---------+-----------+
|       1 | Sales     |
|       2 | Marketing |
|       3 | HR        |
+---------+-----------+
3 rows in set (0.00 sec)

mysql> select * from employees
    -> ;
+-------------+------------+-----------+-----------+-------------------------+---------+
| employee_id | first_name | last_name | dept_name | email                   | dept_id |
+-------------+------------+-----------+-----------+-------------------------+---------+
|           1 | kareem     | Ansari    | Sales     | kareem@example.com      | 2       |
|           2 | Sujay      | Pirale    | Marketing | sujaypirale@example.com | 3       |
|           3 | Onkar      | Rainak    | HR        | NULL                    | 1       |
+-------------+------------+-----------+-----------+-------------------------+---------+
3 rows in set (0.00 sec)

mysql> ALTER TABLE employees
    -> DROP COLUMN hire_date;
ERROR 1091 (42000): Can't DROP 'hire_date'; check that column/key exists
mysql> ALTER TABLE employees
    -> ADD hire_date DATE;
Query OK, 0 rows affected (0.03 sec)
Records: 0  Duplicates: 0  Warnings: 0

mysql> select * from employees
    -> ;
+-------------+------------+-----------+-----------+-------------------------+---------+-----------+
| employee_id | first_name | last_name | dept_name | email                   | dept_id | hire_date |
+-------------+------------+-----------+-----------+-------------------------+---------+-----------+
|           1 | kareem     | Ansari    | Sales     | kareem@example.com      | 2       | NULL      |
|           2 | Sujay      | Pirale    | Marketing | sujaypirale@example.com | 3       | NULL      |
|           3 | Onkar      | Rainak    | HR        | NULL                    | 1       | NULL      |
+-------------+------------+-----------+-----------+-------------------------+---------+-----------+
3 rows in set (0.00 sec)

mysql> ALTER TABLE employees
    -> DROP COLUMN hire_date;
Query OK, 0 rows affected (0.03 sec)
Records: 0  Duplicates: 0  Warnings: 0

mysql> select * from employees
    -> ;
+-------------+------------+-----------+-----------+-------------------------+---------+
| employee_id | first_name | last_name | dept_name | email                   | dept_id |
+-------------+------------+-----------+-----------+-------------------------+---------+
|           1 | kareem     | Ansari    | Sales     | kareem@example.com      | 2       |
|           2 | Sujay      | Pirale    | Marketing | sujaypirale@example.com | 3       |
|           3 | Onkar      | Rainak    | HR        | NULL                    | 1       |
+-------------+------------+-----------+-----------+-------------------------+---------+
3 rows in set (0.00 sec)

mysql>
